{"u_token":"jjeJfL9p86bUFKkj5I0Jfx60mq8OLiLB","part_number":"MICS-4514","manufacturer":"Amphenol","mode":"place-part","plugin":".snap","source":"https://www.snapeda.com"}